[13:54:57] Log started: out__2026_09_09-13_54_57.log, Wed Sep  9 13:54:57 2026
[13:54:59] ]megabuild
[13:54:59] 
[13:54:59]           //===================================//
[13:54:59]           //          Mega UI ACS [START]      //
[13:54:59]           //===================================//
[13:54:59] 
[13:54:59] Show(MGUI_DRAWID+0, "face105", 290, 69, 320, 240, 1.0);
[13:54:59] SetMouseArea(1, 289, 69, 32, 32, 320, 240);
[13:54:59] Show(MGUI_DRAWID+2, "face150", 290, 83, 320, 160, 1.0);
[13:54:59] SetMouseArea(2, 290, 83, 32, 32, 320, 160);
[13:54:59] Show(MGUI_DRAWID+4, "ewilly2", 79, 489, 739, 554, 1.0);
[13:54:59] SetMouseArea(3, 80, 489, 128, 96, 739, 554);
[13:54:59] 
[13:54:59]           //===================================//
[13:54:59]           //         Mega UI ACS [END]         //
[13:54:59]           //===================================//
[13:54:59] 
[13:55:01] ]logfile
[13:55:01] Log stopped: out__2026_09_09-13_54_57.log, Wed Sep  9 13:55:01 2026
