[22:46:05] Log started: out__2026_09_05-22_46_05.log, Sat Sep  5 22:46:05 2026
[22:46:06] ]megabuild
[22:46:06] 
[22:46:06]           //===================================//
[22:46:06]           //          Mega UI ACS [START]      //
[22:46:06]           //===================================//
[22:46:06] 
[22:46:06] Show(MGUI_DRAWID+0, "letters7", 85, 96, 320, 240, 1.0);
[22:46:06] Show(MGUI_DRAWID+1, "letters7", 148, 79, 320, 240, 1.0);
[22:46:06] Show(MGUI_DRAWID+2, "letters7", 118, 166, 320, 240, 1.0);
[22:46:06] Show(MGUI_DRAWID+3, "letters7", 109, 34, 135, 101, 1.0);
[22:46:06] ShowText(MGUI_DRAWID+4, "sa joue ou quoi un peu la", "SMALLFONT", 26, 106, 185, 139, 38, 1.0);
[22:46:06] ShowText(MGUI_DRAWID+5, "sa joue ou quoi un peu la", "SMALLFONT", 106, 14, 177, 132, 177, 1.0);
[22:46:06] 
[22:46:06]           //===================================//
[22:46:06]           //         Mega UI ACS [END]         //
[22:46:06]           //===================================//
[22:46:06] 
[22:46:08] ]logfile
[22:46:08] Log stopped: out__2026_09_05-22_46_05.log, Sat Sep  5 22:46:08 2026
