[21:32:52] Log started: out__2026_09_16-21_32_52.log, Wed Sep 16 21:32:52 2026
[21:32:53] ]megabuild
[21:32:53] 
[21:32:53]           //===================================//
[21:32:53]           //          Mega UI ACS [START]      //
[21:32:53]           //===================================//
[21:32:53] 
[21:32:53] SetMouseArea(1, 197, 381, 454, 1385, 256, 236);
[21:32:53] Show(MGUI_DRAWID+1, "stage1x", 197, 384, 454, 1385, 1.0);
[21:32:53] SetMouseArea(2, 285, 29, 310, 232, 36, 32);
[21:32:53] Show(MGUI_DRAWID+3, "face150", 285, 29, 310, 232, 1.0);
[21:32:53] SetMouseArea(3, 186, 48, 203, 152, 36, 32);
[21:32:53] Show(MGUI_DRAWID+5, "face152", 184, 49, 203, 152, 1.0);
[21:32:53] SetMouseArea(4, 30, 206, 310, 232, 36, 32);
[21:32:53] Show(MGUI_DRAWID+7, "letters7", 30, 208, 310, 232, 1.0);
[21:32:53] ShowText(MGUI_DRAWID+8, "duo de la patisserie de la conard", "bigfont", 133, 310, 463, 347, 128, 1.0, MGUI_CENTER);
[21:32:53] 
[21:32:53]           //===================================//
[21:32:53]           //         Mega UI ACS [END]         //
[21:32:53]           //===================================//
[21:32:53] 
[21:32:55] ]logfile
[21:32:55] Log stopped: out__2026_09_16-21_32_52.log, Wed Sep 16 21:32:55 2026
